\BOOKMARK [1][-]{Doc-Start}{\376\377\133\236\232\214\151\202\217\360}{}% 1
\BOOKMARK [1][-]{section.1}{\376\377\143\247\122\066\116\000\116\052\123\357\156\005\164\006\166\204\124\016\123\360\116\373\122\241}{}% 2
\BOOKMARK [2][-]{subsection.1.1}{\376\377\116\373\122\241\166\356\150\007}{section.1}% 3
\BOOKMARK [2][-]{subsection.1.2}{\376\377\144\315\117\134\153\145\232\244}{section.1}% 4
\BOOKMARK [2][-]{subsection.1.3}{\376\377\157\024\171\072}{section.1}% 5
\BOOKMARK [1][-]{section.2}{\376\377\213\355\116\111\221\315\147\204\116\016\147\054\127\060\137\000\123\321\123\315\231\210}{}% 6
\BOOKMARK [2][-]{subsection.2.1}{\376\377\116\373\122\241\166\356\150\007}{section.2}% 7
\BOOKMARK [2][-]{subsection.2.2}{\376\377\144\315\117\134\153\145\232\244}{section.2}% 8
\BOOKMARK [2][-]{subsection.2.3}{\376\377\157\024\171\072}{section.2}% 9
\BOOKMARK [1][-]{section.3}{\376\377\165\050\214\003\213\325\126\150\133\232\117\115\137\122\136\166\143\222\136\217\177\072\226\167}{}% 10
\BOOKMARK [2][-]{subsection.3.1}{\376\377\116\373\122\241\166\356\150\007}{section.3}% 11
\BOOKMARK [2][-]{subsection.3.2}{\376\377\144\315\117\134\153\145\232\244}{section.3}% 12
\BOOKMARK [2][-]{subsection.3.3}{\376\377\214\003\213\325\217\307\172\013\121\163\225\056\211\302\133\337}{section.3}% 13
\BOOKMARK [2][-]{subsection.3.4}{\376\377\157\024\171\072}{section.3}% 14
\BOOKMARK [1][-]{section.4}{\376\377\121\110\155\113\221\317\377\014\121\215\117\030\123\026\141\142\220\037\213\315\230\221\172\013\136\217}{}% 15
\BOOKMARK [2][-]{subsection.4.1}{\376\377\116\373\122\241\166\356\150\007}{section.4}% 16
\BOOKMARK [2][-]{subsection.4.2}{\376\377\144\315\117\134\153\145\232\244}{section.4}% 17
\BOOKMARK [2][-]{subsection.4.3}{\376\377\157\024\171\072}{section.4}% 18
\BOOKMARK [2][-]{subsection.4.4}{\376\377\122\240\220\037\153\324\213\241\173\227}{section.4}% 19
\BOOKMARK [1][-]{table.caption.1}{\376\377\133\236\232\214\140\073\176\323}{}% 20
\BOOKMARK [1][-]{Item.28}{\376\377\213\376\124\016\176\303\116\140}{}% 21
