\BOOKMARK [1][-]{Doc-Start}{\376\377\133\236\232\214\151\202\217\360}{}% 1
\BOOKMARK [1][-]{section.1}{\376\377\124\053\172\172\150\074\145\207\116\366\124\015\166\204\142\171\221\317\145\164\164\006}{}% 2
\BOOKMARK [2][-]{subsection.1.1}{\376\377\144\315\117\134\153\145\232\244}{section.1}% 3
\BOOKMARK [2][-]{subsection.1.2}{\376\377\150\070\137\303\124\175\116\344}{section.1}% 4
\BOOKMARK [2][-]{subsection.1.3}{\376\377\176\323\147\234\232\214\213\301}{section.1}% 5
\BOOKMARK [1][-]{section.2}{\376\377\226\217\147\072\213\277\225\356\145\345\137\327\176\337\213\241}{}% 6
\BOOKMARK [2][-]{subsection.2.1}{\376\377\144\315\117\134\153\145\232\244}{section.2}% 7
\BOOKMARK [2][-]{subsection.2.2}{\376\377\150\070\137\303\116\343\170\001}{section.2}% 8
\BOOKMARK [2][-]{subsection.2.3}{\376\377\217\320\210\114\176\323\147\234}{section.2}% 9
\BOOKMARK [1][-]{section.3}{\376\377\122\066\220\040\060\001\211\343\121\263\136\166\211\343\221\312\116\000\153\041\124\010\136\166\121\262\172\201}{}% 10
\BOOKMARK [2][-]{subsection.3.1}{\376\377\144\315\117\134\153\145\232\244}{section.3}% 11
\BOOKMARK [2][-]{subsection.3.2}{\376\377\121\163\225\056\124\175\116\344\116\016\121\262\172\201\211\343\121\263}{section.3}% 12
\BOOKMARK [2][-]{subsection.3.3}{\376\377\143\320\116\244\123\206\123\362}{section.3}% 13
\BOOKMARK [1][-]{section.4}{\376\377\117\356\131\015\136\166\147\204\136\372\116\000\230\165\142\200\147\057\213\364\146\016}{}% 14
\BOOKMARK [2][-]{subsection.4.1}{\376\377\144\315\117\134\153\145\232\244}{section.4}% 15
\BOOKMARK [2][-]{subsection.4.2}{\376\377\000L\000a\000T\000e\000X\000\040\156\220\170\001\211\201\160\271}{section.4}% 16
\BOOKMARK [2][-]{subsection.4.3}{\376\377\177\026\213\321\116\016\217\223\121\372}{section.4}% 17
\BOOKMARK [1][-]{lstnumber.-8.3}{\376\377\133\236\232\214\140\073\176\323}{}% 18
\BOOKMARK [1][-]{lstnumber.-8.3}{\376\377\213\376\124\016\176\303\116\140}{}% 19
\BOOKMARK [1][-]{figure.caption.12}{\376\377\000G\000i\000t\000\040\116\323\136\223\116\016\162\110\147\054\173\241\164\006}{}% 20
