\BOOKMARK [1][-]{Doc-Start}{\376\377\133\236\232\214\151\202\121\265}{}% 1
\BOOKMARK [1][-]{section.1}{\376\377\116\316\156\220\170\001\147\204\136\372\136\166\127\050\136\162\121\300\163\257\130\203\133\211\210\305\000\040\000W\000h\000e\000e\000l}{}% 2
\BOOKMARK [2][-]{subsection.1.1}{\376\377\116\373\122\241\166\356\150\007}{section.1}% 3
\BOOKMARK [2][-]{subsection.1.2}{\376\377\144\315\117\134\153\145\232\244}{section.1}% 4
\BOOKMARK [2][-]{subsection.1.3}{\376\377\121\163\225\056\124\175\116\344\116\016\217\223\121\372}{section.1}% 5
\BOOKMARK [2][-]{subsection.1.4}{\376\377\157\024\171\072\142\052\126\376}{section.1}% 6
\BOOKMARK [1][-]{section.2}{\376\377\213\251\177\026\172\013\146\172\200\375\117\123\217\333\121\145\123\357\232\214\213\301\166\204\117\356\131\015\137\252\163\257}{}% 7
\BOOKMARK [2][-]{subsection.2.1}{\376\377\116\373\122\241\166\356\150\007}{section.2}% 8
\BOOKMARK [2][-]{subsection.2.2}{\376\377\144\315\117\134\153\145\232\244}{section.2}% 9
\BOOKMARK [2][-]{subsection.2.3}{\376\377\121\163\225\056\116\343\170\001\116\016\155\113\213\325\176\323\147\234}{section.2}% 10
\BOOKMARK [2][-]{subsection.2.4}{\376\377\157\024\171\072\142\052\126\376}{section.2}% 11
\BOOKMARK [1][-]{section.3}{\376\377\142\212\040\034\145\340\154\325\131\004\164\006\040\035\166\204\123\117\117\134\147\120\145\231\145\071\142\020\123\357\142\147\210\114\117\341\140\157}{}% 12
\BOOKMARK [2][-]{subsection.3.1}{\376\377\116\373\122\241\166\356\150\007}{section.3}% 13
\BOOKMARK [2][-]{subsection.3.2}{\376\377\144\315\117\134\153\145\232\244}{section.3}% 14
\BOOKMARK [2][-]{subsection.3.3}{\376\377\147\000\176\310\121\205\133\271\144\130\211\201}{section.3}% 15
\BOOKMARK [2][-]{subsection.3.4}{\376\377\157\024\171\072\142\052\126\376}{section.3}% 16
\BOOKMARK [1][-]{section.4}{\376\377\117\356\131\015\116\000\116\052\123\357\131\015\163\260\166\204\176\277\140\047\126\336\137\122\213\255\176\303\137\252\163\257}{}% 17
\BOOKMARK [2][-]{subsection.4.1}{\376\377\116\373\122\241\166\356\150\007}{section.4}% 18
\BOOKMARK [2][-]{subsection.4.2}{\376\377\144\315\117\134\153\145\232\244}{section.4}% 19
\BOOKMARK [2][-]{subsection.4.3}{\376\377\150\070\137\303\116\343\170\001}{section.4}% 20
\BOOKMARK [2][-]{subsection.4.4}{\376\377\217\320\210\114\176\323\147\234}{section.4}% 21
\BOOKMARK [2][-]{subsection.4.5}{\376\377\157\024\171\072\142\052\126\376}{section.4}% 22
\BOOKMARK [1][-]{figure.caption.6}{\376\377\133\236\232\214\140\073\176\323}{}% 23
\BOOKMARK [1][-]{figure.caption.6}{\376\377\000G\000i\000t\000\040\116\323\136\223\116\016\162\110\147\054\173\241\164\006}{}% 24
